Running: ./astar_base.riscv BigLakes2048.cfg
Small Path Finding Library
Read configuration file
Create ways
BigLakes2048.bin
Create regional map time : 0

Create ways time : 0
Ways quantity : 468
Total way length : 761939

Create reg ways time : 0
Reg ways quantity : 4603
Total reg way length : 1417263

Create river ways time : 0
River ways quantity : 100
Total river way length : 173223
Create land ways time : 0
Land ways quantity : 100
Total land way length : 148092

Create ways
Random map
Create regional map time : 0

Create ways time : 0
Ways quantity : 236
Total way length : 252563

Create reg ways time : 0
Reg ways quantity : 15899
Total reg way length : 1970873

Create river ways time : 0
River ways quantity : 0
Total river way length : 0
Create land ways time : 0
Land ways quantity : 0
Total land way length : 0

Running: ./astar_base.riscv rivers.cfg
Small Path Finding Library
Read configuration file
Create ways
rivers.bin
Create regional map time : 0

Create ways time : 0
Ways quantity : 16536
Total way length : 5106389

Create reg ways time : 0
Reg ways quantity : 39579
Total reg way length : 2792884

Create river ways time : 0
River ways quantity : 3400
Total river way length : 1661832
Create land ways time : 0
Land ways quantity : 3400
Total land way length : 1236212

Create ways
Random map
Create regional map time : 0

Create ways time : 0
Ways quantity : 4088
Total way length : 2178734

Create reg ways time : 0
Reg ways quantity : 13423
Total reg way length : 1521050

Create river ways time : 0
River ways quantity : 0
Total river way length : 0
Create land ways time : 0
Land ways quantity : 0
Total land way length : 0

