Running: ./bzip2_base.riscv input.program 5
spec_init
Loading Input Data
Input data 5242880 bytes in length
Compressing Input Data, level 5
Compressed data 1884648 bytes in length
Uncompressing Data
Uncompressed data 5242880 bytes in length
Uncompressed data compared correctly
Compressing Input Data, level 7
Compressed data 1950538 bytes in length
Uncompressing Data
Uncompressed data 5242880 bytes in length
Uncompressed data compared correctly
Compressing Input Data, level 9
Compressed data 1918820 bytes in length
Uncompressing Data
Uncompressed data 5242880 bytes in length
Uncompressed data compared correctly
Tested 5MB buffer: OK!
Running: ./bzip2_base.riscv dryer.jpg 2
spec_init
Loading Input Data
Duplicating 278475 bytes
Duplicating 556950 bytes
Duplicating 983252 bytes
Input data 2097152 bytes in length
Compressing Input Data, level 5
Compressed data 1434910 bytes in length
Uncompressing Data
Uncompressed data 2097152 bytes in length
Uncompressed data compared correctly
Compressing Input Data, level 7
Compressed data 1127895 bytes in length
Uncompressing Data
Uncompressed data 2097152 bytes in length
Uncompressed data compared correctly
Compressing Input Data, level 9
Compressed data 1067335 bytes in length
Uncompressing Data
Uncompressed data 2097152 bytes in length
Uncompressed data compared correctly
Tested 2MB buffer: OK!
