Running: ./hmmer_base.riscv --fixed 0 --mean 325 --num 45000 --sd 200 --seed 0 bombesin.hmm
hmmcalibrate -- calibrate HMM search statistics
HMMER 2.3 (May 2003)
Copyright (C) 1992-2003 HHMI/Washington University School of Medicine
Freely distributed under the GNU General Public License (GPL)
- - - - - - - - - - - - - - - - - - - - - - - - - - - - - - - - - - - -
HMM file:                 bombesin.hmm
Length distribution mean: 325
Length distribution s.d.: 200
Number of samples:        45000
random seed:              0
histogram(s) saved to:    [not saved]
- - - - - - - - - - - - - - - - - - - - - - - - - - - - - - - -

HMM    : Bombesin
mu     :    -5.959400
lambda :     0.576502
max    :     7.707000
//
