 |residual|^2 =   3.2857181959846195E-017
 |residual|^2 =   5.8488490290576843E-017
 |residual|^2 =   7.9084354900733503E-017
 |residual|^2 =   6.1877379265168592E-018
 |residual|^2 =   1.0630375032232743E-017
 |residual|^2 =   1.0929430171778125E-017
 |residual|^2 =   4.0440436486660169E-017
 |residual|^2 =   4.0599961402507270E-019
 |residual|^2 =   4.0726934663874188E-018
 |residual|^2 =   5.5255053713999353E-018
 |residual|^2 =   9.6273979981452712E-019
 |residual|^2 =   5.5238723623485484E-017
 |residual|^2 =   3.4844002213185914E-018
 |residual|^2 =   4.5509734967712315E-017
 |residual|^2 =   2.2983723706890429E-017
 |residual|^2 =   5.7696834595072406E-017
 |residual|^2 =   2.9543060198944730E-018
 |residual|^2 =   2.1800715969263165E-017
 |residual|^2 =   6.1480415383453492E-017
 |residual|^2 =   7.8483383631108227E-018
 |residual|^2 =   7.0900166109001292E-017
 |residual|^2 =   1.7378245444145367E-017
 |residual|^2 =   7.0844633071357914E-017
 |residual|^2 =   1.6339091637536022E-017
 |residual|^2 =   6.8505023813233733E-017
